(ParseError "Expected EOF" (Position { line: 1, column: 7 }))