<function>
true
()
true
true
true
()
true
()
()
()
()